Error: connect ETIMEDOUT
    at Socket.<anonymous> (E:\Social Media Video\node_modules\ioredis\built\Redis.js:183:41)
    at Object.onceWrapper (node:events:630:28)
    at Socket.emit (node:events:509:28)
    at Socket._onTimeout (node:net:610:8)
    at listOnTimeout (node:internal/timers:605:17)
    at process.processTimers (node:internal/timers:541:7) {
  errorno: 'ETIMEDOUT',
  code: 'ETIMEDOUT',
  syscall: 'connect'
}
Error: connect ETIMEDOUT
    at Socket.<anonymous> (E:\Social Media Video\node_modules\ioredis\built\Redis.js:183:41)
    at Object.onceWrapper (node:events:630:28)
    at Socket.emit (node:events:509:28)
    at Socket._onTimeout (node:net:610:8)
    at listOnTimeout (node:internal/timers:605:17)
    at process.processTimers (node:internal/timers:541:7) {
  errorno: 'ETIMEDOUT',
  code: 'ETIMEDOUT',
  syscall: 'connect'
}
Error: connect ETIMEDOUT
    at Socket.<anonymous> (E:\Social Media Video\node_modules\ioredis\built\Redis.js:183:41)
    at Object.onceWrapper (node:events:630:28)
    at Socket.emit (node:events:509:28)
    at Socket._onTimeout (node:net:610:8)
    at listOnTimeout (node:internal/timers:605:17)
    at process.processTimers (node:internal/timers:541:7) {
  errorno: 'ETIMEDOUT',
  code: 'ETIMEDOUT',
  syscall: 'connect'
}
Error: connect ETIMEDOUT
    at Socket.<anonymous> (E:\Social Media Video\node_modules\ioredis\built\Redis.js:183:41)
    at Object.onceWrapper (node:events:630:28)
    at Socket.emit (node:events:509:28)
    at Socket._onTimeout (node:net:610:8)
    at listOnTimeout (node:internal/timers:605:17)
    at process.processTimers (node:internal/timers:541:7) {
  errorno: 'ETIMEDOUT',
  code: 'ETIMEDOUT',
  syscall: 'connect'
}
Error: connect ETIMEDOUT
    at Socket.<anonymous> (E:\Social Media Video\node_modules\ioredis\built\Redis.js:183:41)
    at Object.onceWrapper (node:events:630:28)
    at Socket.emit (node:events:509:28)
    at Socket._onTimeout (node:net:610:8)
    at listOnTimeout (node:internal/timers:605:17)
    at process.processTimers (node:internal/timers:541:7) {
  errorno: 'ETIMEDOUT',
  code: 'ETIMEDOUT',
  syscall: 'connect'
}
Error: connect ETIMEDOUT
    at Socket.<anonymous> (E:\Social Media Video\node_modules\ioredis\built\Redis.js:183:41)
    at Object.onceWrapper (node:events:630:28)
    at Socket.emit (node:events:509:28)
    at Socket._onTimeout (node:net:610:8)
    at listOnTimeout (node:internal/timers:605:17)
    at process.processTimers (node:internal/timers:541:7) {
  errorno: 'ETIMEDOUT',
  code: 'ETIMEDOUT',
  syscall: 'connect'
}
Error: connect ETIMEDOUT
    at Socket.<anonymous> (E:\Social Media Video\node_modules\ioredis\built\Redis.js:183:41)
    at Object.onceWrapper (node:events:630:28)
    at Socket.emit (node:events:509:28)
    at Socket._onTimeout (node:net:610:8)
    at listOnTimeout (node:internal/timers:605:17)
    at process.processTimers (node:internal/timers:541:7) {
  errorno: 'ETIMEDOUT',
  code: 'ETIMEDOUT',
  syscall: 'connect'
}
Error: connect ETIMEDOUT
    at Socket.<anonymous> (E:\Social Media Video\node_modules\ioredis\built\Redis.js:183:41)
    at Object.onceWrapper (node:events:630:28)
    at Socket.emit (node:events:509:28)
    at Socket._onTimeout (node:net:610:8)
    at listOnTimeout (node:internal/timers:605:17)
    at process.processTimers (node:internal/timers:541:7) {
  errorno: 'ETIMEDOUT',
  code: 'ETIMEDOUT',
  syscall: 'connect'
}
Error: connect ETIMEDOUT
    at Socket.<anonymous> (E:\Social Media Video\node_modules\ioredis\built\Redis.js:183:41)
    at Object.onceWrapper (node:events:630:28)
    at Socket.emit (node:events:509:28)
    at Socket._onTimeout (node:net:610:8)
    at listOnTimeout (node:internal/timers:605:17)
    at process.processTimers (node:internal/timers:541:7) {
  errorno: 'ETIMEDOUT',
  code: 'ETIMEDOUT',
  syscall: 'connect'
}
Error: connect ETIMEDOUT
    at Socket.<anonymous> (E:\Social Media Video\node_modules\ioredis\built\Redis.js:183:41)
    at Object.onceWrapper (node:events:630:28)
    at Socket.emit (node:events:509:28)
    at Socket._onTimeout (node:net:610:8)
    at listOnTimeout (node:internal/timers:605:17)
    at process.processTimers (node:internal/timers:541:7) {
  errorno: 'ETIMEDOUT',
  code: 'ETIMEDOUT',
  syscall: 'connect'
}
Error: connect ETIMEDOUT
    at Socket.<anonymous> (E:\Social Media Video\node_modules\ioredis\built\Redis.js:183:41)
    at Object.onceWrapper (node:events:630:28)
    at Socket.emit (node:events:509:28)
    at Socket._onTimeout (node:net:610:8)
    at listOnTimeout (node:internal/timers:605:17)
    at process.processTimers (node:internal/timers:541:7) {
  errorno: 'ETIMEDOUT',
  code: 'ETIMEDOUT',
  syscall: 'connect'
}
Error: connect ETIMEDOUT
    at Socket.<anonymous> (E:\Social Media Video\node_modules\ioredis\built\Redis.js:183:41)
    at Object.onceWrapper (node:events:630:28)
    at Socket.emit (node:events:509:28)
    at Socket._onTimeout (node:net:610:8)
    at listOnTimeout (node:internal/timers:605:17)
    at process.processTimers (node:internal/timers:541:7) {
  errorno: 'ETIMEDOUT',
  code: 'ETIMEDOUT',
  syscall: 'connect'
}
2026-07-17T23:15:55.736Z ERROR [worker] Reaper failed {
  message: '\n' +
    'Invalid `prisma.video.updateMany()` invocation in\n' +
    'E:\\Social Media Video\\src\\workers\\index.ts:42:39\n' +
    '\n' +
    '  39 async function reapStuckJobs() {\n' +
    '  40   const cutoff = new Date(Date.now() - env.staleJobMs);\n' +
    '  41   try {\n' +
    '→ 42     const videos = await prisma.video.updateMany(\n' +
    "Can't reach database server at `localhost:5432`\n" +
    '\n' +
    'Please make sure your database server is running at `localhost:5432`.'
}
2026-07-17T23:15:55.738Z ERROR [worker] Scheduler tick failed {
  message: '\n' +
    'Invalid `prisma.autoPublishConfig.findMany()` invocation in\n' +
    'E:\\Social Media Video\\src\\workers\\scheduler.ts:25:53\n' +
    '\n' +
    '  22 ];\n' +
    '  23 \n' +
    '  24 export async function runScheduler(now = new Date()): Promise<void> {\n' +
    '→ 25   const dueConfigs = await prisma.autoPublishConfig.findMany(\n' +
    "Can't reach database server at `localhost:5432`\n" +
    '\n' +
    'Please make sure your database server is running at `localhost:5432`.'
}
Error: could not renew lock for job 33
    at E:\Social Media Video\node_modules\bullmq\dist\cjs\classes\lock-manager.js:44:51
    at process.processTicksAndRejections (node:internal/process/task_queues:104:5)
    at async LockManager.extendLocks (E:\Social Media Video\node_modules\bullmq\dist\cjs\classes\lock-manager.js:32:9)
    at async Timeout._onTimeout (E:\Social Media Video\node_modules\bullmq\dist\cjs\classes\lock-manager.js:80:21)
2026-07-19T00:30:08.887Z ERROR [worker] Scheduler tick failed {
  message: '\n' +
    'Invalid `prisma.autoPublishConfig.findMany()` invocation in\n' +
    'E:\\Social Media Video\\src\\workers\\scheduler.ts:25:53\n' +
    '\n' +
    '  22 ];\n' +
    '  23 \n' +
    '  24 export async function runScheduler(now = new Date()): Promise<void> {\n' +
    '→ 25   const dueConfigs = await prisma.autoPublishConfig.findMany(\n' +
    "Can't reach database server at `localhost:5432`\n" +
    '\n' +
    'Please make sure your database server is running at `localhost:5432`.'
}
2026-07-19T00:30:08.891Z ERROR [worker] Auto-retry failed {
  message: '\n' +
    'Invalid `prisma.publication.findMany()` invocation in\n' +
    'E:\\Social Media Video\\src\\workers\\index.ts:70:44\n' +
    '\n' +
    '  67 async function autoRetryStuckPublications() {\n' +
    '  68   const cutoff = new Date(Date.now() - env.publishAutoRetryAfterMs);\n' +
    '  69   try {\n' +
    '→ 70     const stuck = await prisma.publication.findMany(\n' +
    "Can't reach database server at `localhost:5432`\n" +
    '\n' +
    'Please make sure your database server is running at `localhost:5432`.'
}
2026-07-19T00:30:08.894Z ERROR [worker] Reaper failed {
  message: '\n' +
    'Invalid `prisma.video.updateMany()` invocation in\n' +
    'E:\\Social Media Video\\src\\workers\\index.ts:42:39\n' +
    '\n' +
    '  39 async function reapStuckJobs() {\n' +
    '  40   const cutoff = new Date(Date.now() - env.staleJobMs);\n' +
    '  41   try {\n' +
    '→ 42     const videos = await prisma.video.updateMany(\n' +
    "Can't reach database server at `localhost:5432`\n" +
    '\n' +
    'Please make sure your database server is running at `localhost:5432`.'
}
2026-07-19T00:30:26.306Z ERROR [worker] Reaper failed {
  message: '\n' +
    'Invalid `prisma.video.updateMany()` invocation in\n' +
    'E:\\Social Media Video\\src\\workers\\index.ts:42:39\n' +
    '\n' +
    '  39 async function reapStuckJobs() {\n' +
    '  40   const cutoff = new Date(Date.now() - env.staleJobMs);\n' +
    '  41   try {\n' +
    '→ 42     const videos = await prisma.video.updateMany(\n' +
    "Can't reach database server at `localhost:5432`\n" +
    '\n' +
    'Please make sure your database server is running at `localhost:5432`.'
}
2026-07-19T00:30:26.308Z ERROR [worker] Auto-retry failed {
  message: '\n' +
    'Invalid `prisma.publication.findMany()` invocation in\n' +
    'E:\\Social Media Video\\src\\workers\\index.ts:70:44\n' +
    '\n' +
    '  67 async function autoRetryStuckPublications() {\n' +
    '  68   const cutoff = new Date(Date.now() - env.publishAutoRetryAfterMs);\n' +
    '  69   try {\n' +
    '→ 70     const stuck = await prisma.publication.findMany(\n' +
    "Can't reach database server at `localhost:5432`\n" +
    '\n' +
    'Please make sure your database server is running at `localhost:5432`.'
}
